--- CAPTURE 50s on COM5 after RTS reset ---
I (321) esp_image: segment 1: paddr=00134010 vaddr=30100000 sizeESP-ROM:esp32p4-eco2-20240710

Build:Jul 10 2024

rst:0x17 (CHIP_USB_UART_RESET),boot:0x20c (SPI_FAST_FLASH_BOOT)

Core0 Saved PC:0x4ff0f06c

Core1 Saved PC:0x4fc058e0

SPI mode:DIO, clock div:2

load:0x4ff33ce0,len:0x1524

load:0x4ff29ed0,len:0xef4

load:0x4ff2cbd0,len:0x3568

entry 0x4ff29eda

I (28) boot: ESP-IDF b90730f4 2nd stage bootloader

I (28) boot: compile time Jun  7 2026 03:43:48

I (28) boot: Multicore bootloader

I (30) boot: chip revision: v1.3

I (31) boot: efuse block revision: v0.3

I (35) boot.esp32p4: SPI Speed      : 40MHz

I (38) boot.esp32p4: SPI Mode       : DIO

I (42) boot.esp32p4: SPI Flash Size : 16MB

I (46) boot: Enabling RNG early entropy source...

I (51) boot: Partition Table:

I (53) boot: ## Label            Usage          Type ST Offset   Length

I (59) boot:  0 nvs              WiFi data        01 02 00009000 00006000

I (66) boot:  1 phy_init         RF data          01 01 0000f000 00001000

I (72) boot:  2 factory          factory app      00 00 00010000 00300000

I (80) boot: End of partition table

I (83) esp_image: segment 0: paddr=00010020 vaddr=48140020 size=123fe8h (1196008) map

I (321) esp_image: segment 1: paddr=00134010 vaddr=30100000 size=000b4h (   180) load

I (323) esp_image: segment 2: paddr=001340cc vaddr=4ff00000 size=0bf4ch ( 48972) load

I (336) esp_image: segment 3: paddr=00140020 vaddr=48000020 size=1389e0h (1280480) map

I (584) esp_image: segment 4: paddr=00278a08 vaddr=4ff0bf4c size=0be5ch ( 48732) load

I (596) esp_image: segment 5: paddr=0028486c vaddr=4ff17e00 size=05d7ch ( 23932) load

I (603) esp_image: segment 6: paddr=0028a5f0 vaddr=50108080 size=00024h (    36) load

I (610) boot: Loaded app from partition at offset 0x10000

I (611) boot: Disabling RNG early entropy source...

I (624) hex_psram: vendor id    : 0x0d (AP)

I (624) hex_psram: Latency      : 0x01 (Fixed)

I (625) hex_psram: DriveStr.    : 0x00 (25 Ohm)

I (625) hex_psram: dev id       : 0x03 (generation 4)

I (630) hex_psram: density      : 0x07 (256 Mbit)

I (634) hex_psram: good-die     : 0x06 (Pass)

I (638) hex_psram: SRF          : 0x02 (Slow Refresh)

I (643) hex_psram: BurstType    : 0x00 ( Wrap)

I (647) hex_psram: BurstLen     : 0x03 (2048 Byte)

I (651) hex_psram: BitMode      : 0x01 (X16 Mode)

I (656) hex_psram: Readlatency  : 0x04 (14 cycles@Fixed)

I (661) hex_psram: DriveStrength: 0x00 (1/1)

I (665) MSPI Timing: Enter psram timing tuning

I esp_psram: Found 32MB PSRAM device

I esp_psram: Speed: 200MHz

I (1014) mmu_psram: .rodata xip on psram

I (1195) mmu_psram: .text xip on psram

I (1197) cpu_start: Multicore app

I (2108) esp_psram: SPI SRAM memory test OK

I (2117) cpu_start: GPIO 38 and 37 are used as console UART I/O pins

I (2117) cpu_start: Pro cpu start user code

I (2117) cpu_start: cpu freq: 360000000 Hz

I (2119) app_init: Application information:

I (2123) app_init: Project name:     modulus_tab5

I (2128) app_init: App version:      1

I (2131) app_init: Compile time:     Jun  7 2026 03:43:33

I (2136) app_init: ELF file SHA256:  ea73b3d65...

I (2141) app_init: ESP-IDF:          b90730f4

I (2145) efuse_init: Min chip rev:     v0.0

I (2149) efuse_init: Max chip rev:     v1.99 

I (2153) efuse_init: Chip rev:         v1.3

I (2157) heap_init: Initializing. RAM available for dynamic allocation:

I (2163) heap_init: At 4FF20480 len 0001AB40 (106 KiB): RETENT_RAM

I (2169) heap_init: At 4FF3AFC0 len 00004BF0 (18 KiB): RAM

I (2174) heap_init: At 4FF54020 len 0004BFE0 (303 KiB): RAM

I (2180) heap_init: At 501080A4 len 00007F5C (31 KiB): RTCRAM

I (2185) heap_init: At 301000B4 len 00001F4C (7 KiB): SPM

I (2190) esp_psram: Adding pool of 30272K of PSRAM memory to heap allocator

I (2197) esp_psram: Adding pool of 29K of PSRAM memory gap generated due to end address alignment of irom to the heap allocator

I (2208) esp_psram: Adding pool of 47K of PSRAM memory gap generated due to end address alignment of drom to the heap allocator

I (2219) spi_flash: detected chip: generic

I (2223) spi_flash: flash io: dio

I (2243) SD_HOST: src_freq_hz: 160000000

I (2247) sleep_gpio: Configure to isolate all GPIO pins in sleep state

I (2253) sleep_gpio: Enable automatic switching of GPIO sleep configuration

I (2266) H_SDIO_DRV: sdio_data_to_rx_buf_task started

I (2270) main_task: Started on CPU0

I (2274) esp_psram: Reserving pool of 32K of internal memory for DMA/internal allocations

I (2281) main_task: Calling app_main()

I (2285) modulus_tab5: Modulus Zig 1.1 (ABI epoch 14)

I (2290) modulus_display: Initializing Tab5 display (BSP + LVGL)

I (2298) tab5_pi4ioe: WLAN_PWR_EN noted (C6 boot timer started)

I (2351) tab5_pi4ioe: CHG_EN (E2.P7) -> 1

I (2351) tab5_pi4ioe: PI4IOE1=0x43 PI4IOE2=0x44 ready

I (2351) LVGL: Starting LVGL task

I (2353) M5Stack Tab5: MIPI DSI PHY Powered on

I (2357) M5Stack Tab5: Install MIPI DSI LCD control panel

I (2861) M5Stack Tab5: Discovered board version 2 (LCD ST7123, Touch ST7123)

I (2861) st7123: version: 1.0.2

W (3117) st7123: The 36h command has been used and will be overwritten by external initialization sequence

I (3137) M5Stack Tab5: Display initialized with resolution 720x1280

I (3184) ST7123: Firmware version: 3(1.71.1.3), Max.X: 720, Max.Y: 1280, Max.Touchs: 10

I (3185) ST7123: Touch panel create success, version: 1.0.2

I (3187) M5Stack Tab5: Setting LCD backlight: 100%

I (3191) M5Stack Tab5: Setting LCD backlight: 100%

I (3195) modulus_display: Display ready (stripe=120 lines, rotation=90░)

I (3208) M5Stack Tab5: Setting LCD backlight: 100%

I (3208) modulus_i18n: Locale: English

W (3210) i2s_common: dma frame num is adjusted to 256 to align the dma buffer with 64, bufsize = 512

W (3219) i2s_common: dma frame num is adjusted to 256 to align the dma buffer with 64, bufsize = 512

I (3242) ES7210: Work in Slave mode

I (3248) ES7210: Enable ES7210_INPUT_MIC1

I (3251) ES7210: Enable ES7210_INPUT_MIC2

I (3259) modulus_audio: Audio ready vol=60% mic=50 tone=0

I (3259) temperature_sensor: Range [20░C ~ 100░C], error < 2░C

I (3260) modulus_battery: INA226 ready, bus voltage: 1.04V

I (3264) tab5_pi4ioe: CHG_EN (E2.P7) -> 1

I (3269) modulus_battery: Battery HAL init (warn=15%)

I (3272) modulus_mbus: Bus map: internal I2C1 SCL32/SDA31, Port A I2C0 G53/G54, rear=internal

I (3281) modulus_storage: Storage HAL init

W (3284) M5Stack Tab5: Warning: Long filenames on SD card are disabled in menuconfig!

I (3292) sdmmc_periph: SDMMC host controller already created, returning existing handle

I (3343) modulus_storage: SD mounted at /sdcard

I (3343) modulus_rtc: Timezone: UTC (UTC0)

I (3344) rx8130: battery backup CTRL1=0x30

I (3345) modulus_rtc: System time from RTC: 2026-07-07 03:24:13

I (3350) modulus_rtc: RX8130 ready

I (3353) modulus_security: Security init (PIN none)

I (3358) tab5_pi4ioe: EXT5V_EN (E1.P2) -> 1

I (3361) tab5_pi4ioe: USB5V_EN (E2.P3) -> 0

I (3365) tab5_pi4ioe: CHG_EN (E2.P7) -> 1

I (3369) modulus_power: Rails applied ext5v=1 usb5v=0 chg_en=1

I (3374) modulus_wakeup: PMIC wake path: BMI270/RX8130 INT -> E_TRG (no ESP GPIO)

I (3382) modulus_power: Power init mode=0 ds_to=120s

I (3387) modulus_serial: Opened RS-485 @ 115200 baud (8N1)

I (3387) modulus_serial: RX task started on UART1 (pri 6)

I (3391) modulus_imu: IMU init (wake_motion=0)

I (3401) tab5_pi4ioe: WLAN_PWR_EN (E2.P0) -> 1

I (3405) tab5_pi4ioe: C6 SDIO: wait 2893 ms (1107 ms since WLAN_PWR_EN)

I (6304) transport: Attempt connection with slave: retry[0]

W (6305) H_SDIO_DRV: Reset slave using GPIO[15]

I (6305) os_wrapper_esp: GPIO [15] configured

I (8327) sdio_wrapper: SDIO master: Slot 1, Data-Lines: 4-bit Freq(KHz)[40000 KHz]

I (8327) sdio_wrapper: GPIOs: CLK[12] CMD[13] D0[11] D1[10] D2[9] D3[8] Slave_Reset[15]

I (8331) sdio_wrapper: Queues: Tx[20] Rx[20] SDIO-Rx-Mode[1]

E (8363) sdmmc_common: sdmmc_init_ocr: send_op_cond (1) returned 0x107

E (8363) sdio_wrapper: sdmmc_card_init failed

E (8491) sdmmc_common: sdmmc_init_ocr: send_op_cond (1) returned 0x107

E (8491) sdio_wrapper: sdmmc_card_init failed

E (8619) sdmmc_common: sdmmc_init_ocr: send_op_cond (1) returned 0x107

E (8619) sdio_wrapper: sdmmc_card_init failed

E (8747) sdmmc_common: sdmmc_init_ocr: send_op_cond (1) returned 0x107

E (8747) sdio_wrapper: sdmmc_card_init failed

E (8875) sdmmc_common: sdmmc_init_ocr: send_op_cond (1) returned 0x107

E (8875) sdio_wrapper: sdmmc_card_init failed

E (9003) sdmmc_common: sdmmc_init_ocr: send_op_cond (1) returned 0x107

E (9003) sdio_wrapper: sdmmc_card_init failed

E (9131) sdmmc_common: sdmmc_init_ocr: send_op_cond (1) returned 0x107

E (9131) sdio_wrapper: sdmmc_card_init failed

E (9259) sdmmc_common: sdmmc_init_ocr: send_op_cond (1) returned 0x107

E (9259) sdio_wrapper: sdmmc_card_init failed

E (9387) sdmmc_common: sdmmc_init_ocr: send_op_cond (1) returned 0x107

E (9387) sdio_wrapper: sdmmc_card_init failed

E (9515) sdmmc_common: sdmmc_init_ocr: send_op_cond (1) returned 0x107

E (9515) sdio_wrapper: sdmmc_card_init failed

E (9643) sdmmc_common: sdmmc_init_ocr: send_op_cond (1) returned 0x107

E (9643) sdio_wrapper: sdmmc_card_init failed

E (9771) sdmmc_common: sdmmc_init_ocr: send_op_cond (1) returned 0x107

E (9771) sdio_wrapper: sdmmc_card_init failed

E (9899) sdmmc_common: sdmmc_init_ocr: send_op_cond (1) returned 0x107

E (9899) sdio_wrapper: sdmmc_card_init failed

E (10027) sdmmc_common: sdmmc_init_ocr: send_op_cond (1) returned 0x107

E (10027) sdio_wrapper: sdmmc_card_init failed

E (10155) sdmmc_common: sdmmc_init_ocr: send_op_cond (1) returned 0x107

E (10155) sdio_wrapper: sdmmc_card_init failed

E (10256) H_SDIO_DRV: card init failed

E (10256) transport: ensure_slave_bus_ready failed

ESP_ERROR_CHECK_WITHOUT_ABORT failed: esp_err_t 0xffffffff (ESP_FAIL) at 0x48017a74

file: "./managed_components/espressif__esp_hosted/host/api/src/esp_hosted_api.c" line 179

func: esp_hosted_reconfigure

expression: transport_drv_reconfigure()

E (10274) H_API: ESP-Hosted link not yet up

W (10278) wireless_shim: esp_wifi_init attempt 1: ESP_FAIL

I (11783) transport: Attempt connection with slave: retry[0]

W (11783) H_SDIO_DRV: Reset slave using GPIO[15]

I (11783) os_wrapper_esp: GPIO [15] configured

W (11785) gpio: conflict found for GPIO[15]

I (13809) sdio_wrapper: SDIO master: Slot 1, Data-Lines: 4-bit Freq(KHz)[40000 KHz]

I (13809) sdio_wrapper: GPIOs: CLK[12] CMD[13] D0[11] D1[10] D2[9] D3[8] Slave_Reset[15]

I (13813) sdio_wrapper: Queues: Tx[20] Rx[20] SDIO-Rx-Mode[1]

E (13845) sdmmc_common: sdmmc_init_ocr: send_op_cond (1) returned 0x107

E (13845) sdio_wrapper: sdmmc_card_init failed

E (13973) sdmmc_common: sdmmc_init_ocr: send_op_cond (1) returned 0x107

E (13973) sdio_wrapper: sdmmc_card_init failed

E (14101) sdmmc_common: sdmmc_init_ocr: send_op_cond (1) returned 0x107

E (14101) sdio_wrapper: sdmmc_card_init failed

E (14229) sdmmc_common: sdmmc_init_ocr: send_op_cond (1) returned 0x107

E (14229) sdio_wrapper: sdmmc_card_init failed

E (14357) sdmmc_common: sdmmc_init_ocr: send_op_cond (1) returned 0x107

E (14357) sdio_wrapper: sdmmc_card_init failed

E (14485) sdmmc_common: sdmmc_init_ocr: send_op_cond (1) returned 0x107

E (14485) sdio_wrapper: sdmmc_card_init failed

E (14613) sdmmc_common: sdmmc_init_ocr: send_op_cond (1) returned 0x107

E (14613) sdio_wrapper: sdmmc_card_init failed

E (14741) sdmmc_common: sdmmc_init_ocr: send_op_cond (1) returned 0x107

E (14741) sdio_wrapper: sdmmc_card_init failed

E (14869) sdmmc_common: sdmmc_init_ocr: send_op_cond (1) returned 0x107

E (14869) sdio_wrapper: sdmmc_card_init failed

E (14997) sdmmc_common: sdmmc_init_ocr: send_op_cond (1) returned 0x107

E (14997) sdio_wrapper: sdmmc_card_init failed

E (15125) sdmmc_common: sdmmc_init_ocr: send_op_cond (1) returned 0x107

E (15125) sdio_wrapper: sdmmc_card_init failed

E (15253) sdmmc_common: sdmmc_init_ocr: send_op_cond (1) returned 0x107

E (15253) sdio_wrapper: sdmmc_card_init failed

E (15381) sdmmc_common: sdmmc_init_ocr: send_op_cond (1) returned 0x107

E (15381) sdio_wrapper: sdmmc_card_init failed

E (15509) sdmmc_common: sdmmc_init_ocr: send_op_cond (1) returned 0x107

E (15509) sdio_wrapper: sdmmc_card_init failed

E (15637) sdmmc_common: sdmmc_init_ocr: send_op_cond (1) returned 0x107

E (15637) sdio_wrapper: sdmmc_card_init failed

E (15738) H_SDIO_DRV: card init failed

E (15738) transport: ensure_slave_bus_ready failed

ESP_ERROR_CHECK_WITHOUT_ABORT failed: esp_err_t 0xffffffff (ESP_FAIL) at 0x48017a74

file: "./managed_components/espressif__esp_hosted/host/api/src/esp_hosted_api.c" line 179

func: esp_hosted_reconfigure

expression: transport_drv_reconfigure()

E (15756) H_API: ESP-Hosted link not yet up

W (15760) wireless_shim: esp_wifi_init attempt 2: ESP_FAIL

I (17265) transport: Attempt connection with slave: retry[0]

W (17265) H_SDIO_DRV: Reset slave using GPIO[15]

I (17265) os_wrapper_esp: GPIO [15] configured

W (17267) gpio: conflict found for GPIO[15]

I (19291) sdio_wrapper: SDIO master: Slot 1, Data-Lines: 4-bit Freq(KHz)[40000 KHz]

I (19291) sdio_wrapper: GPIOs: CLK[12] CMD[13] D0[11] D1[10] D2[9] D3[8] Slave_Reset[15]

I (19295) sdio_wrapper: Queues: Tx[20] Rx[20] SDIO-Rx-Mode[1]

E (19327) sdmmc_common: sdmmc_init_ocr: send_op_cond (1) returned 0x107

E (19327) sdio_wrapper: sdmmc_card_init failed

E (19455) sdmmc_common: sdmmc_init_ocr: send_op_cond (1) returned 0x107

E (19455) sdio_wrapper: sdmmc_card_init failed

E (19583) sdmmc_common: sdmmc_init_ocr: send_op_cond (1) returned 0x107

E (19583) sdio_wrapper: sdmmc_card_init failed

E (19711) sdmmc_common: sdmmc_init_ocr: send_op_cond (1) returned 0x107

E (19711) sdio_wrapper: sdmmc_card_init failed

E (19839) sdmmc_common: sdmmc_init_ocr: send_op_cond (1) returned 0x107

E (19839) sdio_wrapper: sdmmc_card_init failed

E (19967) sdmmc_common: sdmmc_init_ocr: send_op_cond (1) returned 0x107

E (19967) sdio_wrapper: sdmmc_card_init failed

E (20095) sdmmc_common: sdmmc_init_ocr: send_op_cond (1) returned 0x107

E (20095) sdio_wrapper: sdmmc_card_init failed

E (20223) sdmmc_common: sdmmc_init_ocr: send_op_cond (1) returned 0x107

E (20223) sdio_wrapper: sdmmc_card_init failed

E (20351) sdmmc_common: sdmmc_init_ocr: send_op_cond (1) returned 0x107

E (20351) sdio_wrapper: sdmmc_card_init failed

E (20479) sdmmc_common: sdmmc_init_ocr: send_op_cond (1) returned 0x107

E (20479) sdio_wrapper: sdmmc_card_init failed

E (20607) sdmmc_common: sdmmc_init_ocr: send_op_cond (1) returned 0x107

E (20607) sdio_wrapper: sdmmc_card_init failed

E (20735) sdmmc_common: sdmmc_init_ocr: send_op_cond (1) returned 0x107

E (20735) sdio_wrapper: sdmmc_card_init failed

E (20863) sdmmc_common: sdmmc_init_ocr: send_op_cond (1) returned 0x107

E (20863) sdio_wrapper: sdmmc_card_init failed

E (20991) sdmmc_common: sdmmc_init_ocr: send_op_cond (1) returned 0x107

E (20991) sdio_wrapper: sdmmc_card_init failed

E (21119) sdmmc_common: sdmmc_init_ocr: send_op_cond (1) returned 0x107

E (21119) sdio_wrapper: sdmmc_card_init failed

E (21220) H_SDIO_DRV: card init failed

E (21220) transport: ensure_slave_bus_ready failed

ESP_ERROR_CHECK_WITHOUT_ABORT failed: esp_err_t 0xffffffff (ESP_FAIL) at 0x48017a74

file: "./managed_components/espressif__esp_hosted/host/api/src/esp_hosted_api.c" line 179

func: esp_hosted_reconfigure

expression: transport_drv_reconfigure()

E (21238) H_API: ESP-Hosted link not yet up

W (21242) wireless_shim: esp_wifi_init attempt 3: ESP_FAIL

E (22747) wireless_shim: esp_wifi_init: ESP_FAIL

I (22747) modulus_ui: UI manager init

I (22747) modulus_ui: Show boot screen

W (22988) modulus_tab5: Wireless not ready ù reflash C6 slave on COM6 if SDIO fails

I (22988) modulus_tab5: Core 0 evt_dispatch + Core 1 sys_task running

I (22993) I2S_IF: Paired data: 0x4ff5cbc4, current mode: playback, paired in_enable: 0, paired out_enable: 0

I (23001) I2S_IF: STD: TX, data_bit: 16, slot_bit: 16, ws_width: 16, slot_mode: STEREO, slot_mask: 0x3

I (23009) I2S_IF: STD: TX, sample_rate_hz: 48000, mclk_multiple: 256, clk_src: 0

I (23022) ES8388: Start on mode:2

I (23023) Adev_Codec: Open codec device OK

I (25750) ui_boot: Boot complete ù loading dashboard

I (25750) modulus_ui: Show dashboard

--- END CAPTURE ---
