==> Workspace: C:\Users\BEAST MODE\Desktop\Modulus Convert to ZIG
==> check_ui_ascii
OK: 53 UI files - all checked literals are ASCII (Montserrat-safe).
==> ZIG_EXE=C:\Users\BEAST MODE\AppData\Local\Microsoft\WinGet\Links\zig.exe
==> ZIG_LIB_DIR=C:\\Users\\BEAST MODE\\AppData\\Local\\Microsoft\\WinGet\\Packages\\zig.zig_Microsoft.Winget.Source_8wekyb3d8bbwe\\zig-x86_64-windows-0.16.0\\lib
==> zig build tab5-lib
==> IDF_PATH default: C:\Espressif\frameworks\esp-idf-v6.0.1
==> IDF_PATH: C:\Espressif\frameworks\esp-idf-v6.0.1
Activating ESP-IDF 6.2
Setting IDF_PATH to 'C:\Espressif\frameworks\esp-idf-v6.0.1'.
* Checking python version ... 3.15.0
* Checking python dependencies ... OK
* Deactivating the current ESP-IDF environment (if any) ... OK
* Establishing a new ESP-IDF environment ... OK
* Identifying shell ... powershell.exe
* Detecting outdated tools in system ... Found tools that are not used by active ESP-IDF version.
For removing old versions of ccache, cmake, esp-clang, esp-clang-libs, 
esp-rom-elfs, esp32ulp-elf, idf-driver, idf-python-wheels, openocd-esp32, 
python, qemu-riscv32.bak, qemu-xtensa.bak, riscv32-esp-elf, riscv32-esp-elf-gdb,
xtensa-esp-elf, xtensa-esp-elf-gdb, xtensa-esp32-elf, xtensa-esp32s2-elf, 
xtensa-esp32s3-elf use command 'python.exe 
C:\Espressif\frameworks\esp-idf-v6.0.1\tools\idf_tools.py uninstall'
To free up even more space, remove installation packages of those tools.
Use option python.exe C:\Espressif\frameworks\esp-idf-v6.0.1\tools\idf_tools.py 
uninstall --remove-archives.
==> skip set-target (esp32p4 sdkconfig present)
==> idf.py build
[1/10] Performing build step for 'bootloader'
[1/1] C:\WINDOWS\system32\cmd.exe /C "cd /D "C:\Users\BEAST MODE\Desktop\Modulus Convert to ZIG\firmware\tab5\build\bootloader" && C:\Espressif\python_env\idf6.2_py3.15_env\Scripts\python.exe C:/Espressif/frameworks/esp-idf-v6.0.1/components/partition_table/check_sizes.py --offset 0x8000 bootloader 0x2000 "C:/Users/BEAST MODE/Desktop/Modulus Convert to ZIG/firmware/tab5/build/bootloader/bootloader.bin""

Bootloader binary size 0x59e0 bytes. 0x620 bytes (6%) free.


[2/10] No install step for 'bootloader'
[3/10] Completed 'bootloader'
[4/10] Building C object esp-idf/modulus_zig/CMakeFiles/__idf_modulus_zig.dir/ext_encoder_shim.c.obj
[5/10] Building C object esp-idf/modulus_zig/CMakeFiles/__idf_modulus_zig.dir/audio_shim.c.obj
[6/10] Linking C static library esp-idf\modulus_zig\libmodulus_zig.a
[7/10] Generating esp-idf/esp_system/ld/sections.ld
Skipping linker script generation, section names unchanged

[8/10] Linking CXX executable modulus_tab5.elf
[9/10] Generating binary image from built executable
esptool v5.3.dev3

Creating ESP32-P4 image...

Merged 4 ELF sections.

Successfully created ESP32-P4 image.

Generated C:/Users/BEAST MODE/Desktop/Modulus Convert to ZIG/firmware/tab5/build/modulus_tab5.bin
[10/10] C:\WINDOWS\system32\cmd.exe /C "cd /D "C:\Users\BEAST MODE\Desktop\Modulus Convert to ZIG\firmware\tab5\build" && C:\Espressif\python_env\idf6.2_py3.15_env\Scripts\python.exe C:/Espressif/frameworks/esp-idf-v6.0.1/components/partition_table/check_sizes.py --offset 0x8000 partition --type app "C:/Users/BEAST MODE/Desktop/Modulus Convert to ZIG/firmware/tab5/build/partition_table/partition-table.bin" "C:/Users/BEAST MODE/Desktop/Modulus Convert to ZIG/firmware/tab5/build/modulus_tab5.bin""
modulus_tab5.bin binary size 0x29e060 bytes. Smallest app partition is 0x300000 bytes. 0x61fa0 bytes (13%) free.

Executing action: all (aliases: build)
Running ninja in directory 'C:\Users\BEAST MODE\Desktop\Modulus Convert to ZIG\firmware\tab5\build'
Executing "ninja all"...


Project build complete. To flash, run:
 idf.py flash
or
 idf.py -p PORT flash
or
 python -m esptool --chip esp32p4 -b 460800 --before default-reset --after hard-reset write-flash --flash-mode dio --flash-size 16MB --flash-freq 40m 0x2000 build\bootloader\bootloader.bin 0x8000 build\partition_table\partition-table.bin 0x10000 build\modulus_tab5.bin
or from the "C:\Users\BEAST MODE\Desktop\Modulus Convert to ZIG\firmware\tab5\build" directory
 python -m esptool --chip esp32p4 -b 460800 --before default-reset --after hard-reset write-flash "@flash_args"
==> App size: 0x29e060 (2,744,416 bytes, 87.2% factory used, 12.8% free)
WARNING: Factory partition headroom low: 87.2% used (threshold 85%). Review fonts/icon ROM before adding assets.
==> P4 ELF SHA256: d4c2fa83f33ee32d0968e633551fbe4fe782ed10ebd237e33c48ca1b3c377dde
==> Flash from this workspace only; compare with boot log Checksum mismatch line.
