==> ZIG_EXE=C:\Users\BEAST MODE\AppData\Local\Microsoft\WinGet\Packages\zig.zig_Microsoft.Winget.Source_8wekyb3d8bbwe\zig-x86_64-windows-0.16.0\zig.exe
==> ZIG_LIB_DIR=C:\\Users\\BEAST MODE\\AppData\\Local\\Microsoft\\WinGet\\Packages\\zig.zig_Microsoft.Winget.Source_8wekyb3d8bbwe\\zig-x86_64-windows-0.16.0\\lib
==> export.ps1

Done! You can now compile ESP-IDF projects.
Go to the project directory and run:

  idf.py build

==> export done (idf.py: C:\Espressif\tools\idf-exe\1.0.3\idf.py.exe)
==> idf.py build
Executing action: all (aliases: build)
Running ninja in directory 'C:\Users\BEAST MODE\Desktop\Modulus Convert to ZIG\firmware\tab5\build'
Executing "ninja all"...
[1/7] Performing build step for 'bootloader'
[1/1] C:\WINDOWS\SYSTEM32\cmd.exe /C "cd /D "C:\Users\BEAST MODE\Desktop\Modulus Convert to ZIG\firmware\tab5\build\bootloader" && C:\Espressif\python_env\idf6.2_py3.15_env\Scripts\python.exe C:/Espressif/frameworks/esp-idf-v6.0.1/components/partition_table/check_sizes.py --offset 0x8000 bootloader 0x2000 "C:/Users/BEAST MODE/Desktop/Modulus Convert to ZIG/firmware/tab5/build/bootloader/bootloader.bin""
Bootloader binary size 0x59e0 bytes. 0x620 bytes (6%) free.
[2/7] No install step for 'bootloader'
[3/7] Completed 'bootloader'
[4/7] Generating esp-idf/esp_system/ld/sections.ld
Skipping linker script generation, section names unchanged
[5/7] Linking CXX executable modulus_tab5.elf
[6/7] Generating binary image from built executable
esptool v5.3.dev3
Creating ESP32-P4 image...
Merged 4 ELF sections.
Successfully created ESP32-P4 image.
Generated C:/Users/BEAST MODE/Desktop/Modulus Convert to ZIG/firmware/tab5/build/modulus_tab5.bin
[7/7] cmd.exe /C "cd /D "C:\Users\BEAST MODE\Desktop\Modulus Convert to ZIG\firmware\tab5\build" && C:\Espressif\python_env\idf6.2_py3.15_env\Scripts\python.exe C:/Espressif/frameworks/esp-idf-v6.0.1/components/partition_table/check_sizes.py --offset 0x8000 partition --type app "C:/Users/BEAST MODE/Desktop/Modulus Convert to ZIG/firmware/tab5/build/partition_table/partition-table.bin" "C:/Users/BEAST MODE/Desktop/Modulus Convert to ZIG/firmware/tab5/build/modulus_tab5.bin""
modulus_tab5.bin binary size 0x2cdd40 bytes. Smallest app partition is 0x300000 bytes. 0x322c0 bytes (7%) free.

Project build complete. To flash, run:
 idf.py flash
or
 idf.py -p PORT flash
or
 python -m esptool --chip esp32p4 -b 460800 --before default-reset --after hard-reset write-flash --flash-mode dio --flash-size 16MB --flash-freq 40m 0x2000 build\bootloader\bootloader.bin 0x8000 build\partition_table\partition-table.bin 0x10000 build\modulus_tab5.bin
or from the "C:\Users\BEAST MODE\Desktop\Modulus Convert to ZIG\firmware\tab5\build" directory
 python -m esptool --chip esp32p4 -b 460800 --before default-reset --after hard-reset write-flash "@flash_args"
==> BUILD_EXIT=0
