Activating ESP-IDF 6.2
Setting IDF_PATH to 'C:\Espressif\frameworks\esp-idf-v6.0.1'.
* Checking python version ... 3.15.0
* Checking python dependencies ... OK
* Deactivating the current ESP-IDF environment (if any) ... OK
* Establishing a new ESP-IDF environment ... OK
* Identifying shell ... pwsh.exe
* Detecting outdated tools in system ... Found tools that are not used by active ESP-IDF version.
For removing old versions of ccache, cmake, esp-clang, esp-clang-libs, 
esp-rom-elfs, esp32ulp-elf, idf-driver, idf-python-wheels, openocd-esp32, 
python, qemu-riscv32.bak, qemu-xtensa.bak, riscv32-esp-elf, riscv32-esp-elf-gdb,
xtensa-esp-elf, xtensa-esp-elf-gdb, xtensa-esp32-elf, xtensa-esp32s2-elf, 
xtensa-esp32s3-elf use command 'python.exe 
C:\Espressif\frameworks\esp-idf-v6.0.1\tools\idf_tools.py uninstall'
To free up even more space, remove installation packages of those tools.
Use option python.exe C:\Espressif\frameworks\esp-idf-v6.0.1\tools\idf_tools.py 
uninstall --remove-archives.
[1/11] Performing build step for 'bootloader'
[1/1] C:\WINDOWS\system32\cmd.exe /C "cd /D "C:\Users\BEAST MODE\Desktop\Modulus Convert to ZIG\firmware\tab5\build\bootloader" && C:\Espressif\python_env\idf6.2_py3.15_env\Scripts\python.exe C:/Espressif/frameworks/esp-idf-v6.0.1/components/partition_table/check_sizes.py --offset 0x8000 bootloader 0x2000 "C:/Users/BEAST MODE/Desktop/Modulus Convert to ZIG/firmware/tab5/build/bootloader/bootloader.bin""

Bootloader binary size 0x59e0 bytes. 0x620 bytes (6%) free.


[2/11] No install step for 'bootloader'
[3/11] Completed 'bootloader'
[4/11] Building C object esp-idf/espressif__esp_hosted/CMakeFiles/__idf_espressif__esp_hosted.dir/host/drivers/transport/sdio/sdio_drv.c.obj
[5/11] Linking C static library esp-idf\espressif__esp_hosted\libespressif__esp_hosted.a
[6/11] Building C object esp-idf/modulus_zig/CMakeFiles/__idf_modulus_zig.dir/tab5_pi4ioe.c.obj
[7/11] Linking C static library esp-idf\modulus_zig\libmodulus_zig.a
[8/11] Generating esp-idf/esp_system/ld/sections.ld
Skipping linker fragment parsing, fragment files unchanged

[9/11] Linking CXX executable modulus_tab5.elf
[10/11] Generating binary image from built executable
esptool v5.3.dev3

Creating ESP32-P4 image...

Merged 4 ELF sections.

Successfully created ESP32-P4 image.

Generated C:/Users/BEAST MODE/Desktop/Modulus Convert to ZIG/firmware/tab5/build/modulus_tab5.bin
[11/11] C:\WINDOWS\system32\cmd.exe /C "cd /D "C:\Users\BEAST MODE\Desktop\Modulus Convert to ZIG\firmware\tab5\build" && C:\Espressif\python_env\idf6.2_py3.15_env\Scripts\python.exe C:/Espressif/frameworks/esp-idf-v6.0.1/components/partition_table/check_sizes.py --offset 0x8000 partition --type app "C:/Users/BEAST MODE/Desktop/Modulus Convert to ZIG/firmware/tab5/build/partition_table/partition-table.bin" "C:/Users/BEAST MODE/Desktop/Modulus Convert to ZIG/firmware/tab5/build/modulus_tab5.bin""
modulus_tab5.bin binary size 0x29e030 bytes. Smallest app partition is 0x300000 bytes. 0x61fd0 bytes (13%) free.

Executing action: all (aliases: build)
Running ninja in directory 'C:\Users\BEAST MODE\Desktop\Modulus Convert to ZIG\firmware\tab5\build'
Executing "ninja all"...


Project build complete. To flash, run:
 idf.py flash
or
 idf.py -p PORT flash
or
 python -m esptool --chip esp32p4 -b 460800 --before default-reset --after hard-reset write-flash --flash-mode dio --flash-size 16MB --flash-freq 40m 0x2000 build\bootloader\bootloader.bin 0x8000 build\partition_table\partition-table.bin 0x10000 build\modulus_tab5.bin
or from the "C:\Users\BEAST MODE\Desktop\Modulus Convert to ZIG\firmware\tab5\build" directory
 python -m esptool --chip esp32p4 -b 460800 --before default-reset --after hard-reset write-flash "@flash_args"
