==> Workspace: C:\Users\BEAST MODE\Desktop\Modulus Convert to ZIG
==> ZIG_EXE=C:\Users\BEAST MODE\AppData\Local\Microsoft\WinGet\Links\zig.exe
==> ZIG_LIB_DIR=C:\\Users\\BEAST MODE\\AppData\\Local\\Microsoft\\WinGet\\Packages\\zig.zig_Microsoft.Winget.Source_8wekyb3d8bbwe\\zig-x86_64-windows-0.16.0\\lib
==> zig build tab5-lib
==> IDF_PATH default: C:\Espressif\frameworks\esp-idf-v6.0.1
==> IDF_PATH: C:\Espressif\frameworks\esp-idf-v6.0.1
Activating ESP-IDF 6.2
Setting IDF_PATH to 'C:\Espressif\frameworks\esp-idf-v6.0.1'.
* Checking python version ... 3.15.0
* Checking python dependencies ... OK
* Deactivating the current ESP-IDF environment (if any) ... OK
* Establishing a new ESP-IDF environment ... OK
* Identifying shell ... powershell.exe
* Detecting outdated tools in system ... Found tools that are not used by active ESP-IDF version.
For removing old versions of ccache, cmake, esp-clang, esp-clang-libs, 
esp-rom-elfs, esp32ulp-elf, idf-driver, idf-python-wheels, openocd-esp32, 
python, qemu-riscv32.bak, qemu-xtensa.bak, riscv32-esp-elf, riscv32-esp-elf-gdb,
xtensa-esp-elf, xtensa-esp-elf-gdb, xtensa-esp32-elf, xtensa-esp32s2-elf, 
xtensa-esp32s3-elf use command 'python.exe 
C:\Espressif\frameworks\esp-idf-v6.0.1\tools\idf_tools.py uninstall'
To free up even more space, remove installation packages of those tools.
Use option python.exe C:\Espressif\frameworks\esp-idf-v6.0.1\tools\idf_tools.py 
uninstall --remove-archives.
==> skip set-target (esp32p4 sdkconfig present)
==> idf.py build
[1/4] C:\WINDOWS\system32\cmd.exe /C "cd /D "C:\Users\BEAST MODE\Desktop\Modulus Convert to ZIG\firmware\tab5\build" && C:\Espressif\python_env\idf6.2_py3.15_env\Scripts\python.exe C:/Espressif/frameworks/esp-idf-v6.0.1/components/partition_table/check_sizes.py --offset 0x8000 partition --type app "C:/Users/BEAST MODE/Desktop/Modulus Convert to ZIG/firmware/tab5/build/partition_table/partition-table.bin" "C:/Users/BEAST MODE/Desktop/Modulus Convert to ZIG/firmware/tab5/build/modulus_tab5.bin""
modulus_tab5.bin binary size 0x29e060 bytes. Smallest app partition is 0x300000 bytes. 0x61fa0 bytes (13%) free.

[2/4] Performing build step for 'bootloader'
[1/1] C:\WINDOWS\system32\cmd.exe /C "cd /D "C:\Users\BEAST MODE\Desktop\Modulus Convert to ZIG\firmware\tab5\build\bootloader" && C:\Espressif\python_env\idf6.2_py3.15_env\Scripts\python.exe C:/Espressif/frameworks/esp-idf-v6.0.1/components/partition_table/check_sizes.py --offset 0x8000 bootloader 0x2000 "C:/Users/BEAST MODE/Desktop/Modulus Convert to ZIG/firmware/tab5/build/bootloader/bootloader.bin""

Bootloader binary size 0x59e0 bytes. 0x620 bytes (6%) free.


[3/4] No install step for 'bootloader'
[4/4] Completed 'bootloader'
Executing action: all (aliases: build)
Running ninja in directory 'C:\Users\BEAST MODE\Desktop\Modulus Convert to ZIG\firmware\tab5\build'
Executing "ninja all"...


Project build complete. To flash, run:
 idf.py flash
or
 idf.py -p PORT flash
or
 python -m esptool --chip esp32p4 -b 460800 --before default-reset --after hard-reset write-flash --flash-mode dio --flash-size 16MB --flash-freq 40m 0x2000 build\bootloader\bootloader.bin 0x8000 build\partition_table\partition-table.bin 0x10000 build\modulus_tab5.bin
or from the "C:\Users\BEAST MODE\Desktop\Modulus Convert to ZIG\firmware\tab5\build" directory
 python -m esptool --chip esp32p4 -b 460800 --before default-reset --after hard-reset write-flash "@flash_args"
==> App size: 0x29e060 (2,744,416 bytes, 87.2% factory used, 12.8% free)
WARNING: Factory partition headroom low: 87.2% used (threshold 85%). Review fonts/icon ROM before adding assets.
==> P4 ELF SHA256: d4c2fa83f33ee32d0968e633551fbe4fe782ed10ebd237e33c48ca1b3c377dde
==> Flash from this workspace only; compare with boot log Checksum mismatch line.
==> idf.py -p COM5 flash
[1/4] C:\WINDOWS\system32\cmd.exe /C "cd /D "C:\Users\BEAST MODE\Desktop\Modulus Convert to ZIG\firmware\tab5\build" && C:\Espressif\python_env\idf6.2_py3.15_env\Scripts\python.exe C:/Espressif/frameworks/esp-idf-v6.0.1/components/partition_table/check_sizes.py --offset 0x8000 partition --type app "C:/Users/BEAST MODE/Desktop/Modulus Convert to ZIG/firmware/tab5/build/partition_table/partition-table.bin" "C:/Users/BEAST MODE/Desktop/Modulus Convert to ZIG/firmware/tab5/build/modulus_tab5.bin""
modulus_tab5.bin binary size 0x29e060 bytes. Smallest app partition is 0x300000 bytes. 0x61fa0 bytes (13%) free.

[2/4] Performing build step for 'bootloader'
[1/1] C:\WINDOWS\system32\cmd.exe /C "cd /D "C:\Users\BEAST MODE\Desktop\Modulus Convert to ZIG\firmware\tab5\build\bootloader" && C:\Espressif\python_env\idf6.2_py3.15_env\Scripts\python.exe C:/Espressif/frameworks/esp-idf-v6.0.1/components/partition_table/check_sizes.py --offset 0x8000 bootloader 0x2000 "C:/Users/BEAST MODE/Desktop/Modulus Convert to ZIG/firmware/tab5/build/bootloader/bootloader.bin""

Bootloader binary size 0x59e0 bytes. 0x620 bytes (6%) free.


[3/4] No install step for 'bootloader'
[4/4] Completed 'bootloader'
Adding "flash"'s dependency "all" to list of commands with default set of options.
Executing action: all (aliases: build)
Running ninja in directory 'C:\Users\BEAST MODE\Desktop\Modulus Convert to ZIG\firmware\tab5\build'
Executing "ninja all"...
Executing action: flash
Running ninja in directory 'C:\Users\BEAST MODE\Desktop\Modulus Convert to ZIG\firmware\tab5\build'
Executing "ninja flash"...
[1/5] C:\WINDOWS\system32\cmd.exe /C "cd /D "C:\Users\BEAST MODE\Desktop\Modulus Convert to ZIG\firmware\tab5\build" && C:\Espressif\python_env\idf6.2_py3.15_env\Scripts\python.exe C:/Espressif/frameworks/esp-idf-v6.0.1/components/partition_table/check_sizes.py --offset 0x8000 partition --type app "C:/Users/BEAST MODE/Desktop/Modulus Convert to ZIG/firmware/tab5/build/partition_table/partition-table.bin" "C:/Users/BEAST MODE/Desktop/Modulus Convert to ZIG/firmware/tab5/build/modulus_tab5.bin""

modulus_tab5.bin binary size 0x29e060 bytes. Smallest app partition is 0x300000 bytes. 0x61fa0 bytes (13%) free.


[2/5] Performing build step for 'bootloader'

[1/1] C:\WINDOWS\system32\cmd.exe /C "cd /D "C:\Users\BEAST MODE\Desktop\Modulus Convert to ZIG\firmware\tab5\build\bootloader" && C:\Espressif\python_env\idf6.2_py3.15_env\Scripts\python.exe C:/Espressif/frameworks/esp-idf-v6.0.1/components/partition_table/check_sizes.py --offset 0x8000 bootloader 0x2000 "C:/Users/BEAST MODE/Desktop/Modulus Convert to ZIG/firmware/tab5/build/bootloader/bootloader.bin""


Bootloader binary size 0x59e0 bytes. 0x620 bytes (6%) free.



[3/5] No install step for 'bootloader'

[4/5] Completed 'bootloader'

[4/5] Running utility command for flash

esptool --chip esp32p4 -p COM5 -b 460800 --before=default-reset --after=hard-reset write-flash --flash-mode dio --flash-freq 40m --flash-size 16MB 0x2000 bootloader/bootloader.bin 0x8000 partition_table/partition-table.bin 0x10000 modulus_tab5.bin --diff-with bootloader/bootloader_flashed.bin partition_table/partition-table_flashed.bin modulus_tab5_flashed.bin

esptool v5.3.dev3

Serial port COM5:

Connecting...

Connected to ESP32-P4 on COM5:

Chip type:          ESP32-P4 (revision v1.3)

Features:           Dual Core + LP Core, 400MHz

Crystal frequency:  40MHz

USB mode:           USB-Serial/JTAG

MAC:                30:ed:a0:ea:92:34



Uploading stub flasher...

Running stub flasher...

Stub flasher running.

Changing baud rate to 460800...

Changed.



Configuring flash size...



Writing 'bootloader/bootloader.bin' at 0x00002000...

SHA digest in image updated.

SHA digest in image updated.

No changed sectors found, verifying if data is in flash...

'bootloader/bootloader.bin' at 0x00002000 verified.



Writing 'partition_table/partition-table.bin' at 0x00008000...

No changed sectors found, verifying if data is in flash...

'partition_table/partition-table.bin' at 0x00008000 verified.



Writing 'modulus_tab5.bin' at 0x00010000...

Changed data sectors found, fast reflashing...

Reflashing 1 changed sector at 0x00010000...

Flash will be erased from 0x00010000 to 0x00010fff...

Compressed 4096 bytes to 2013...


Writing at 0x00010000 [                              ]   0.0% 0/2013 bytes... 


Writing at 0x00011000 [==============================] 100.0% 2013/2013 bytes... 

Wrote 4096 bytes (2013 compressed) at 0x00010000 in 0.0 seconds (4469.9 kbit/s).

Reflashing 301 changed sectors at 0x00025000...

Flash will be erased from 0x00025000 to 0x00151fff...

Compressed 1232896 bytes to 591596...


Writing at 0x00025000 [                              ]   0.0% 0/591596 bytes... 


Writing at 0x000304a8 [                              ]   2.8% 16384/591596 bytes... 


Writing at 0x0003e4ec [>                             ]   5.5% 32768/591596 bytes... 


Writing at 0x0004931d [=>                            ]   8.3% 49152/591596 bytes... 


Writing at 0x00058115 [==>                           ]  11.1% 65536/591596 bytes... 


Writing at 0x0005de70 [===>                          ]  13.8% 81920/591596 bytes... 


Writing at 0x00061e8a [===>                          ]  16.6% 98304/591596 bytes... 


Writing at 0x00065e74 [====>                         ]  19.4% 114688/591596 bytes... 


Writing at 0x00069e7e [=====>                        ]  22.2% 131072/591596 bytes... 


Writing at 0x0006de88 [======>                       ]  24.9% 147456/591596 bytes... 


Writing at 0x00071e99 [=======>                      ]  27.7% 163840/591596 bytes... 


Writing at 0x00075eae [========>                     ]  30.5% 180224/591596 bytes... 


Writing at 0x00079ebc [========>                     ]  33.2% 196608/591596 bytes... 


Writing at 0x0007dedb [=========>                    ]  36.0% 212992/591596 bytes... 


Writing at 0x00081f02 [==========>                   ]  38.8% 229376/591596 bytes... 


Writing at 0x00085f0f [===========>                  ]  41.5% 245760/591596 bytes... 


Writing at 0x00089f13 [============>                 ]  44.3% 262144/591596 bytes... 


Writing at 0x0008df22 [=============>                ]  47.1% 278528/591596 bytes... 


Writing at 0x00091f22 [=============>                ]  49.9% 294912/591596 bytes... 


Writing at 0x00095f5b [==============>               ]  52.6% 311296/591596 bytes... 


Writing at 0x0009a35f [===============>              ]  55.4% 327680/591596 bytes... 


Writing at 0x0009e345 [================>             ]  58.2% 344064/591596 bytes... 


Writing at 0x000c4876 [=================>            ]  60.9% 360448/591596 bytes... 


Writing at 0x000e0b2a [==================>           ]  63.7% 376832/591596 bytes... 


Writing at 0x000e85b9 [==================>           ]  66.5% 393216/591596 bytes... 


Writing at 0x000f1de9 [===================>          ]  69.2% 409600/591596 bytes... 


Writing at 0x000fdb8e [====================>         ]  72.0% 425984/591596 bytes... 


Writing at 0x0010ac4c [=====================>        ]  74.8% 442368/591596 bytes... 


Writing at 0x0011a78b [======================>       ]  77.5% 458752/591596 bytes... 


Writing at 0x001212e0 [=======================>      ]  80.3% 475136/591596 bytes... 


Writing at 0x00126cad [=======================>      ]  83.1% 491520/591596 bytes... 


Writing at 0x0012d9c4 [========================>     ]  85.9% 507904/591596 bytes... 


Writing at 0x001349c8 [=========================>    ]  88.6% 524288/591596 bytes... 


Writing at 0x0013b3de [==========================>   ]  91.4% 540672/591596 bytes... 


Writing at 0x00142494 [===========================>  ]  94.2% 557056/591596 bytes... 


Writing at 0x001498c0 [============================> ]  96.9% 573440/591596 bytes... 


Writing at 0x00151279 [============================> ]  99.7% 589824/591596 bytes... 


Writing at 0x00152000 [==============================] 100.0% 591596/591596 bytes... 

Wrote 1232896 bytes (591596 compressed) at 0x00025000 in 5.2 seconds (1909.9 kbit/s).

Reflashing 1 changed sector at 0x00153000...

Flash will be erased from 0x00153000 to 0x00153fff...

Compressed 4096 bytes to 2550...


Writing at 0x00153000 [                              ]   0.0% 0/2550 bytes... 


Writing at 0x00154000 [==============================] 100.0% 2550/2550 bytes... 

Wrote 4096 bytes (2550 compressed) at 0x00153000 in 0.0 seconds (3794.2 kbit/s).

Reflashing 346 changed sectors at 0x00155000...

Flash will be erased from 0x00155000 to 0x002aefff...

Compressed 1417216 bytes to 802110...


Writing at 0x00155000 [                              ]   0.0% 0/802110 bytes... 


Writing at 0x0015d84e [                              ]   2.0% 16384/802110 bytes... 


Writing at 0x00167478 [>                             ]   4.1% 32768/802110 bytes... 


Writing at 0x0016fc97 [>                             ]   6.1% 49152/802110 bytes... 


Writing at 0x001774e9 [=>                            ]   8.2% 65536/802110 bytes... 


Writing at 0x0017f187 [==>                           ]  10.2% 81920/802110 bytes... 


Writing at 0x00186e08 [==>                           ]  12.3% 98304/802110 bytes... 


Writing at 0x0018e5db [===>                          ]  14.3% 114688/802110 bytes... 


Writing at 0x0019457c [===>                          ]  16.3% 131072/802110 bytes... 


Writing at 0x0019b9b6 [====>                         ]  18.4% 147456/802110 bytes... 


Writing at 0x001a2c17 [=====>                        ]  20.4% 163840/802110 bytes... 


Writing at 0x001a8d63 [=====>                        ]  22.5% 180224/802110 bytes... 


Writing at 0x001af41a [======>                       ]  24.5% 196608/802110 bytes... 


Writing at 0x001b6381 [======>                       ]  26.6% 212992/802110 bytes... 


Writing at 0x001bcb48 [=======>                      ]  28.6% 229376/802110 bytes... 


Writing at 0x001c2d49 [========>                     ]  30.6% 245760/802110 bytes... 


Writing at 0x001c9109 [========>                     ]  32.7% 262144/802110 bytes... 


Writing at 0x001ced8d [=========>                    ]  34.7% 278528/802110 bytes... 


Writing at 0x001d59a2 [==========>                   ]  36.8% 294912/802110 bytes... 


Writing at 0x001e03c8 [==========>                   ]  38.8% 311296/802110 bytes... 


Writing at 0x001e7eaa [===========>                  ]  40.9% 327680/802110 bytes... 


Writing at 0x001efa69 [===========>                  ]  42.9% 344064/802110 bytes... 


Writing at 0x001f788d [============>                 ]  44.9% 360448/802110 bytes... 


Writing at 0x001fec3e [=============>                ]  47.0% 376832/802110 bytes... 


Writing at 0x0020605a [=============>                ]  49.0% 393216/802110 bytes... 


Writing at 0x0020d0c3 [==============>               ]  51.1% 409600/802110 bytes... 


Writing at 0x00214a82 [==============>               ]  53.1% 425984/802110 bytes... 


Writing at 0x0021ac4a [===============>              ]  55.2% 442368/802110 bytes... 


Writing at 0x00221086 [================>             ]  57.2% 458752/802110 bytes... 


Writing at 0x00227253 [================>             ]  59.2% 475136/802110 bytes... 


Writing at 0x0022e32d [=================>            ]  61.3% 491520/802110 bytes... 


Writing at 0x00236787 [=================>            ]  63.3% 507904/802110 bytes... 


Writing at 0x0023d264 [==================>           ]  65.4% 524288/802110 bytes... 


Writing at 0x0024409a [===================>          ]  67.4% 540672/802110 bytes... 


Writing at 0x0024ad8d [===================>          ]  69.4% 557056/802110 bytes... 


Writing at 0x00251d99 [====================>         ]  71.5% 573440/802110 bytes... 


Writing at 0x00259086 [=====================>        ]  73.5% 589824/802110 bytes... 


Writing at 0x0025fc08 [=====================>        ]  75.6% 606208/802110 bytes... 


Writing at 0x002651f1 [======================>       ]  77.6% 622592/802110 bytes... 


Writing at 0x0026b075 [======================>       ]  79.7% 638976/802110 bytes... 


Writing at 0x00270fed [=======================>      ]  81.7% 655360/802110 bytes... 


Writing at 0x00276e99 [========================>     ]  83.7% 671744/802110 bytes... 


Writing at 0x0027c935 [========================>     ]  85.8% 688128/802110 bytes... 


Writing at 0x0028257f [=========================>    ]  87.8% 704512/802110 bytes... 


Writing at 0x00288810 [=========================>    ]  89.9% 720896/802110 bytes... 


Writing at 0x0028e570 [==========================>   ]  91.9% 737280/802110 bytes... 


Writing at 0x00295de4 [===========================>  ]  94.0% 753664/802110 bytes... 


Writing at 0x0029d458 [===========================>  ]  96.0% 770048/802110 bytes... 


Writing at 0x002a4806 [============================> ]  98.0% 786432/802110 bytes... 


Writing at 0x002af000 [==============================] 100.0% 802110/802110 bytes... 

Wrote 1417216 bytes (802110 compressed) at 0x00155000 in 6.0 seconds (1885.9 kbit/s).

Verifying written data...

Hash of data verified.



Hard resetting via RTS pin...

Done
