Activating ESP-IDF 6.2
Setting IDF_PATH to 'C:\Espressif\frameworks\esp-idf-v6.0.1'.
* Checking python version ... 3.15.0
* Checking python dependencies ... OK
* Deactivating the current ESP-IDF environment (if any) ... OK
* Establishing a new ESP-IDF environment ... OK
* Identifying shell ... pwsh.exe
* Detecting outdated tools in system ... Found tools that are not used by active ESP-IDF version.
For removing old versions of ccache, cmake, esp-clang, esp-clang-libs, 
esp-rom-elfs, esp32ulp-elf, idf-driver, idf-python-wheels, openocd-esp32, 
python, qemu-riscv32.bak, qemu-xtensa.bak, riscv32-esp-elf, riscv32-esp-elf-gdb,
xtensa-esp-elf, xtensa-esp-elf-gdb, xtensa-esp32-elf, xtensa-esp32s2-elf, 
xtensa-esp32s3-elf use command 'python.exe 
C:\Espressif\frameworks\esp-idf-v6.0.1\tools\idf_tools.py uninstall'
To free up even more space, remove installation packages of those tools.
Use option python.exe C:\Espressif\frameworks\esp-idf-v6.0.1\tools\idf_tools.py 
uninstall --remove-archives.
[1/4] C:\WINDOWS\system32\cmd.exe /C "cd /D "C:\Users\BEAST MODE\Desktop\Modulus Convert to ZIG\firmware\tab5\build" && C:\Espressif\python_env\idf6.2_py3.15_env\Scripts\python.exe C:/Espressif/frameworks/esp-idf-v6.0.1/components/partition_table/check_sizes.py --offset 0x8000 partition --type app "C:/Users/BEAST MODE/Desktop/Modulus Convert to ZIG/firmware/tab5/build/partition_table/partition-table.bin" "C:/Users/BEAST MODE/Desktop/Modulus Convert to ZIG/firmware/tab5/build/modulus_tab5.bin""
modulus_tab5.bin binary size 0x29e030 bytes. Smallest app partition is 0x300000 bytes. 0x61fd0 bytes (13%) free.

[2/4] Performing build step for 'bootloader'
[1/1] C:\WINDOWS\system32\cmd.exe /C "cd /D "C:\Users\BEAST MODE\Desktop\Modulus Convert to ZIG\firmware\tab5\build\bootloader" && C:\Espressif\python_env\idf6.2_py3.15_env\Scripts\python.exe C:/Espressif/frameworks/esp-idf-v6.0.1/components/partition_table/check_sizes.py --offset 0x8000 bootloader 0x2000 "C:/Users/BEAST MODE/Desktop/Modulus Convert to ZIG/firmware/tab5/build/bootloader/bootloader.bin""

Bootloader binary size 0x59e0 bytes. 0x620 bytes (6%) free.


[3/4] No install step for 'bootloader'
[4/4] Completed 'bootloader'
Executing action: all (aliases: build)
Running ninja in directory 'C:\Users\BEAST MODE\Desktop\Modulus Convert to ZIG\firmware\tab5\build'
Executing "ninja all"...


Project build complete. To flash, run:
 idf.py flash
or
 idf.py -p PORT flash
or
 python -m esptool --chip esp32p4 -b 460800 --before default-reset --after hard-reset write-flash --flash-mode dio --flash-size 16MB --flash-freq 40m 0x2000 build\bootloader\bootloader.bin 0x8000 build\partition_table\partition-table.bin 0x10000 build\modulus_tab5.bin
or from the "C:\Users\BEAST MODE\Desktop\Modulus Convert to ZIG\firmware\tab5\build" directory
 python -m esptool --chip esp32p4 -b 460800 --before default-reset --after hard-reset write-flash "@flash_args"
[1/4] C:\WINDOWS\system32\cmd.exe /C "cd /D "C:\Users\BEAST MODE\Desktop\Modulus Convert to ZIG\firmware\tab5\build" && C:\Espressif\python_env\idf6.2_py3.15_env\Scripts\python.exe C:/Espressif/frameworks/esp-idf-v6.0.1/components/partition_table/check_sizes.py --offset 0x8000 partition --type app "C:/Users/BEAST MODE/Desktop/Modulus Convert to ZIG/firmware/tab5/build/partition_table/partition-table.bin" "C:/Users/BEAST MODE/Desktop/Modulus Convert to ZIG/firmware/tab5/build/modulus_tab5.bin""
modulus_tab5.bin binary size 0x29e030 bytes. Smallest app partition is 0x300000 bytes. 0x61fd0 bytes (13%) free.

[2/4] Performing build step for 'bootloader'
[1/1] C:\WINDOWS\system32\cmd.exe /C "cd /D "C:\Users\BEAST MODE\Desktop\Modulus Convert to ZIG\firmware\tab5\build\bootloader" && C:\Espressif\python_env\idf6.2_py3.15_env\Scripts\python.exe C:/Espressif/frameworks/esp-idf-v6.0.1/components/partition_table/check_sizes.py --offset 0x8000 bootloader 0x2000 "C:/Users/BEAST MODE/Desktop/Modulus Convert to ZIG/firmware/tab5/build/bootloader/bootloader.bin""

Bootloader binary size 0x59e0 bytes. 0x620 bytes (6%) free.


[3/4] No install step for 'bootloader'
[4/4] Completed 'bootloader'
Adding "flash"'s dependency "all" to list of commands with default set of options.
Executing action: all (aliases: build)
Running ninja in directory 'C:\Users\BEAST MODE\Desktop\Modulus Convert to ZIG\firmware\tab5\build'
Executing "ninja all"...
Executing action: flash
Running ninja in directory 'C:\Users\BEAST MODE\Desktop\Modulus Convert to ZIG\firmware\tab5\build'
Executing "ninja flash"...
[1/5] C:\WINDOWS\system32\cmd.exe /C "cd /D "C:\Users\BEAST MODE\Desktop\Modulus Convert to ZIG\firmware\tab5\build" && C:\Espressif\python_env\idf6.2_py3.15_env\Scripts\python.exe C:/Espressif/frameworks/esp-idf-v6.0.1/components/partition_table/check_sizes.py --offset 0x8000 partition --type app "C:/Users/BEAST MODE/Desktop/Modulus Convert to ZIG/firmware/tab5/build/partition_table/partition-table.bin" "C:/Users/BEAST MODE/Desktop/Modulus Convert to ZIG/firmware/tab5/build/modulus_tab5.bin""

modulus_tab5.bin binary size 0x29e030 bytes. Smallest app partition is 0x300000 bytes. 0x61fd0 bytes (13%) free.


[2/5] Performing build step for 'bootloader'

[1/1] C:\WINDOWS\system32\cmd.exe /C "cd /D "C:\Users\BEAST MODE\Desktop\Modulus Convert to ZIG\firmware\tab5\build\bootloader" && C:\Espressif\python_env\idf6.2_py3.15_env\Scripts\python.exe C:/Espressif/frameworks/esp-idf-v6.0.1/components/partition_table/check_sizes.py --offset 0x8000 bootloader 0x2000 "C:/Users/BEAST MODE/Desktop/Modulus Convert to ZIG/firmware/tab5/build/bootloader/bootloader.bin""


Bootloader binary size 0x59e0 bytes. 0x620 bytes (6%) free.



[3/5] No install step for 'bootloader'

[4/5] Completed 'bootloader'

[4/5] Running utility command for flash

esptool --chip esp32p4 -p COM5 -b 460800 --before=default-reset --after=hard-reset write-flash --flash-mode dio --flash-freq 40m --flash-size 16MB 0x2000 bootloader/bootloader.bin 0x8000 partition_table/partition-table.bin 0x10000 modulus_tab5.bin --diff-with bootloader/bootloader_flashed.bin partition_table/partition-table_flashed.bin modulus_tab5_flashed.bin

esptool v5.3.dev3

Serial port COM5:

Connecting...

Connected to ESP32-P4 on COM5:

Chip type:          ESP32-P4 (revision v1.3)

Features:           Dual Core + LP Core, 400MHz

Crystal frequency:  40MHz

USB mode:           USB-Serial/JTAG

MAC:                30:ed:a0:ea:92:34



Uploading stub flasher...

Running stub flasher...

Stub flasher running.

Changing baud rate to 460800...

Changed.



Configuring flash size...



Writing 'bootloader/bootloader.bin' at 0x00002000...

SHA digest in image updated.

SHA digest in image updated.

No changed sectors found, verifying if data is in flash...

'bootloader/bootloader.bin' at 0x00002000 verified.



Writing 'partition_table/partition-table.bin' at 0x00008000...

No changed sectors found, verifying if data is in flash...

'partition_table/partition-table.bin' at 0x00008000 verified.



Writing 'modulus_tab5.bin' at 0x00010000...

Changed data sectors found, fast reflashing...

Reflashing 1 changed sector at 0x00010000...

Flash will be erased from 0x00010000 to 0x00010fff...

Compressed 4096 bytes to 2005...


Writing at 0x00010000 [                              ]   0.0% 0/2005 bytes... 


Writing at 0x00011000 [==============================] 100.0% 2005/2005 bytes... 

Wrote 4096 bytes (2005 compressed) at 0x00010000 in 0.0 seconds (4462.3 kbit/s).

Reflashing 299 changed sectors at 0x00027000...

Flash will be erased from 0x00027000 to 0x00151fff...

Compressed 1224704 bytes to 588841...


Writing at 0x00027000 [                              ]   0.0% 0/588841 bytes... 


Writing at 0x00032967 [                              ]   2.8% 16384/588841 bytes... 


Writing at 0x0004076e [>                             ]   5.6% 32768/588841 bytes... 


Writing at 0x0004a084 [=>                            ]   8.3% 49152/588841 bytes... 


Writing at 0x0005aadf [==>                           ]  11.1% 65536/588841 bytes... 


Writing at 0x0005e8e8 [===>                          ]  13.9% 81920/588841 bytes... 


Writing at 0x000628e3 [====>                         ]  16.7% 98304/588841 bytes... 


Writing at 0x000668d4 [====>                         ]  19.5% 114688/588841 bytes... 


Writing at 0x0006a8e4 [=====>                        ]  22.3% 131072/588841 bytes... 


Writing at 0x0006e8ed [======>                       ]  25.0% 147456/588841 bytes... 


Writing at 0x000728ff [=======>                      ]  27.8% 163840/588841 bytes... 


Writing at 0x00076914 [========>                     ]  30.6% 180224/588841 bytes... 


Writing at 0x0007a921 [=========>                    ]  33.4% 196608/588841 bytes... 


Writing at 0x0007e94a [=========>                    ]  36.2% 212992/588841 bytes... 


Writing at 0x00082967 [==========>                   ]  39.0% 229376/588841 bytes... 


Writing at 0x00086973 [===========>                  ]  41.7% 245760/588841 bytes... 


Writing at 0x0008a977 [============>                 ]  44.5% 262144/588841 bytes... 


Writing at 0x0008e988 [=============>                ]  47.3% 278528/588841 bytes... 


Writing at 0x00092983 [==============>               ]  50.1% 294912/588841 bytes... 


Writing at 0x000969bd [==============>               ]  52.9% 311296/588841 bytes... 


Writing at 0x0009adc6 [===============>              ]  55.6% 327680/588841 bytes... 


Writing at 0x0009ed37 [================>             ]  58.4% 344064/588841 bytes... 


Writing at 0x000d6859 [=================>            ]  61.2% 360448/588841 bytes... 


Writing at 0x000e1b4a [==================>           ]  64.0% 376832/588841 bytes... 


Writing at 0x000e9c04 [===================>          ]  66.8% 393216/588841 bytes... 


Writing at 0x000f3f60 [===================>          ]  69.6% 409600/588841 bytes... 


Writing at 0x00100f3a [====================>         ]  72.3% 425984/588841 bytes... 


Writing at 0x0010dbf6 [=====================>        ]  75.1% 442368/588841 bytes... 


Writing at 0x0011c3ed [======================>       ]  77.9% 458752/588841 bytes... 


Writing at 0x00121dc8 [=======================>      ]  80.7% 475136/588841 bytes... 


Writing at 0x00127e19 [========================>     ]  83.5% 491520/588841 bytes... 


Writing at 0x0012e7cd [========================>     ]  86.3% 507904/588841 bytes... 


Writing at 0x00135be4 [=========================>    ]  89.0% 524288/588841 bytes... 


Writing at 0x0013c822 [==========================>   ]  91.8% 540672/588841 bytes... 


Writing at 0x0014371a [===========================>  ]  94.6% 557056/588841 bytes... 


Writing at 0x0014ac40 [============================> ]  97.4% 573440/588841 bytes... 


Writing at 0x00152000 [==============================] 100.0% 588841/588841 bytes... 

Wrote 1224704 bytes (588841 compressed) at 0x00027000 in 5.1 seconds (1936.2 kbit/s).

Reflashing 1 changed sector at 0x00153000...

Flash will be erased from 0x00153000 to 0x00153fff...

Compressed 4096 bytes to 2550...


Writing at 0x00153000 [                              ]   0.0% 0/2550 bytes... 


Writing at 0x00154000 [==============================] 100.0% 2550/2550 bytes... 

Wrote 4096 bytes (2550 compressed) at 0x00153000 in 0.0 seconds (3762.6 kbit/s).

Reflashing 346 changed sectors at 0x00155000...

Flash will be erased from 0x00155000 to 0x002aefff...

Compressed 1417216 bytes to 802064...


Writing at 0x00155000 [                              ]   0.0% 0/802064 bytes... 


Writing at 0x0015d845 [                              ]   2.0% 16384/802064 bytes... 


Writing at 0x0016746c [>                             ]   4.1% 32768/802064 bytes... 


Writing at 0x0016fc91 [>                             ]   6.1% 49152/802064 bytes... 


Writing at 0x00177510 [=>                            ]   8.2% 65536/802064 bytes... 


Writing at 0x0017f1a9 [==>                           ]  10.2% 81920/802064 bytes... 


Writing at 0x00186e44 [==>                           ]  12.3% 98304/802064 bytes... 


Writing at 0x0018e617 [===>                          ]  14.3% 114688/802064 bytes... 


Writing at 0x001945b2 [===>                          ]  16.3% 131072/802064 bytes... 


Writing at 0x0019ba09 [====>                         ]  18.4% 147456/802064 bytes... 


Writing at 0x001a2c54 [=====>                        ]  20.4% 163840/802064 bytes... 


Writing at 0x001a8d98 [=====>                        ]  22.5% 180224/802064 bytes... 


Writing at 0x001af483 [======>                       ]  24.5% 196608/802064 bytes... 


Writing at 0x001b63f8 [======>                       ]  26.6% 212992/802064 bytes... 


Writing at 0x001bcb73 [=======>                      ]  28.6% 229376/802064 bytes... 


Writing at 0x001c2d8e [========>                     ]  30.6% 245760/802064 bytes... 


Writing at 0x001c912a [========>                     ]  32.7% 262144/802064 bytes... 


Writing at 0x001cede8 [=========>                    ]  34.7% 278528/802064 bytes... 


Writing at 0x001d5a2e [==========>                   ]  36.8% 294912/802064 bytes... 


Writing at 0x001e0463 [==========>                   ]  38.8% 311296/802064 bytes... 


Writing at 0x001e7ef7 [===========>                  ]  40.9% 327680/802064 bytes... 


Writing at 0x001efac9 [===========>                  ]  42.9% 344064/802064 bytes... 


Writing at 0x001f7903 [============>                 ]  44.9% 360448/802064 bytes... 


Writing at 0x001fec7a [=============>                ]  47.0% 376832/802064 bytes... 


Writing at 0x002060a3 [=============>                ]  49.0% 393216/802064 bytes... 


Writing at 0x0020d0e9 [==============>               ]  51.1% 409600/802064 bytes... 


Writing at 0x00214ac0 [==============>               ]  53.1% 425984/802064 bytes... 


Writing at 0x0021ac7e [===============>              ]  55.2% 442368/802064 bytes... 


Writing at 0x0022109d [================>             ]  57.2% 458752/802064 bytes... 


Writing at 0x00227266 [================>             ]  59.2% 475136/802064 bytes... 


Writing at 0x0022e33f [=================>            ]  61.3% 491520/802064 bytes... 


Writing at 0x0023679f [=================>            ]  63.3% 507904/802064 bytes... 


Writing at 0x0023d28c [==================>           ]  65.4% 524288/802064 bytes... 


Writing at 0x002440bb [===================>          ]  67.4% 540672/802064 bytes... 


Writing at 0x0024ada5 [===================>          ]  69.5% 557056/802064 bytes... 


Writing at 0x00251db8 [====================>         ]  71.5% 573440/802064 bytes... 


Writing at 0x002590ab [=====================>        ]  73.5% 589824/802064 bytes... 


Writing at 0x0025fc1a [=====================>        ]  75.6% 606208/802064 bytes... 


Writing at 0x0026520b [======================>       ]  77.6% 622592/802064 bytes... 


Writing at 0x0026b081 [======================>       ]  79.7% 638976/802064 bytes... 


Writing at 0x00270ffa [=======================>      ]  81.7% 655360/802064 bytes... 


Writing at 0x00276ea9 [========================>     ]  83.8% 671744/802064 bytes... 


Writing at 0x0027c952 [========================>     ]  85.8% 688128/802064 bytes... 


Writing at 0x0028258a [=========================>    ]  87.8% 704512/802064 bytes... 


Writing at 0x00288825 [=========================>    ]  89.9% 720896/802064 bytes... 


Writing at 0x0028e5aa [==========================>   ]  91.9% 737280/802064 bytes... 


Writing at 0x00295dea [===========================>  ]  94.0% 753664/802064 bytes... 


Writing at 0x0029d44e [===========================>  ]  96.0% 770048/802064 bytes... 


Writing at 0x002a4810 [============================> ]  98.1% 786432/802064 bytes... 


Writing at 0x002af000 [==============================] 100.0% 802064/802064 bytes... 

Wrote 1417216 bytes (802064 compressed) at 0x00155000 in 6.0 seconds (1894.5 kbit/s).

Verifying written data...

Hash of data verified.



Hard resetting via RTS pin...

Done
