usage: idf_monitor - a serial output monitor for esp-idf [-h] [--port PORT]
                                                         [--no-reset]
                                                         [--disable-address-decoding]
                                                         [--baud BAUD]
                                                         [--make MAKE]
                                                         [--encrypted]
                                                         [--toolchain-prefix TOOLCHAIN_PREFIX]
                                                         [--eol {CR,LF,CRLF}]
                                                         [--rom-elf-file ROM_ELF_FILE]
                                                         [--print_filter PRINT_FILTER]
                                                         [--decode-coredumps {info,disable}]
                                                         [--decode-panic {backtrace,disable}]
                                                         [--target TARGET]
                                                         [--revision REVISION]
                                                         [--ws WS]
                                                         [--timestamps]
                                                         [--timestamp-format TIMESTAMP_FORMAT]
                                                         [--force-color]
                                                         [--disable-auto-color]
                                                         [--open-port-attempts OPEN_PORT_ATTEMPTS]
                                                         [elf_files ...]
idf_monitor - a serial output monitor for esp-idf: error: unrecognized arguments: build\modulus_tab5.elf
